Traceback (most recent call last):
  File "/Users/danejohns/jaystack/djpest/reviews/sync.py", line 192, in <module>
    main()
    ~~~~^^
  File "/Users/danejohns/jaystack/djpest/reviews/sync.py", line 158, in main
    fetched = imap_fetch(); authoritative = False; src = "email alerts"
  File "/Users/danejohns/jaystack/djpest/reviews/sync.py", line 83, in imap_fetch
    M = imaplib.IMAP4_SSL("imap.gmail.com"); M.login(e["GMAIL_USER"], e["GMAIL_APP_PASSWORD"].replace(" ", ""))
  File "/opt/homebrew/Cellar/python@3.14/3.14.7/Frameworks/Python.framework/Versions/3.14/lib/python3.14/imaplib.py", line 1760, in __init__
    IMAP4.__init__(self, host, port, timeout)
    ~~~~~~~~~~~~~~^^^^^^^^^^^^^^^^^^^^^^^^^^^
  File "/opt/homebrew/Cellar/python@3.14/3.14.7/Frameworks/Python.framework/Versions/3.14/lib/python3.14/imaplib.py", line 219, in __init__
    self.open(host, port, timeout)
    ~~~~~~~~~^^^^^^^^^^^^^^^^^^^^^
  File "/opt/homebrew/Cellar/python@3.14/3.14.7/Frameworks/Python.framework/Versions/3.14/lib/python3.14/imaplib.py", line 1773, in open
    IMAP4.open(self, host, port, timeout)
    ~~~~~~~~~~^^^^^^^^^^^^^^^^^^^^^^^^^^^
  File "/opt/homebrew/Cellar/python@3.14/3.14.7/Frameworks/Python.framework/Versions/3.14/lib/python3.14/imaplib.py", line 333, in open
    self.sock = self._create_socket(timeout)
                ~~~~~~~~~~~~~~~~~~~^^^^^^^^^
  File "/opt/homebrew/Cellar/python@3.14/3.14.7/Frameworks/Python.framework/Versions/3.14/lib/python3.14/imaplib.py", line 1763, in _create_socket
    sock = IMAP4._create_socket(self, timeout)
  File "/opt/homebrew/Cellar/python@3.14/3.14.7/Frameworks/Python.framework/Versions/3.14/lib/python3.14/imaplib.py", line 323, in _create_socket
    return socket.create_connection(address)
           ~~~~~~~~~~~~~~~~~~~~~~~~^^^^^^^^^
  File "/opt/homebrew/Cellar/python@3.14/3.14.7/Frameworks/Python.framework/Versions/3.14/lib/python3.14/socket.py", line 850, in create_connection
    for res in getaddrinfo(host, port, 0, SOCK_STREAM):
               ~~~~~~~~~~~^^^^^^^^^^^^^^^^^^^^^^^^^^^^
  File "/opt/homebrew/Cellar/python@3.14/3.14.7/Frameworks/Python.framework/Versions/3.14/lib/python3.14/socket.py", line 989, in getaddrinfo
    for res in _socket.getaddrinfo(host, port, family, type, proto, flags):
               ~~~~~~~~~~~~~~~~~~~^^^^^^^^^^^^^^^^^^^^^^^^^^^^^^^^^^^^^^^^
socket.gaierror: [Errno 8] nodename nor servname provided, or not known
